// Jest Snapshot v1, https://goo.gl/fbAQLP

exports[`vaultWatchers srv functional tests should everything is fine 1`] = `[]`;
