// Jest Snapshot v1, https://goo.gl/fbAQLP

exports[`VaultWatchers srv functional tests should RoleAdminChanged (3+2) 1`] = `
[
  Finding {
    "addresses": [],
    "alertId": "MELLOW-VAULT-ROLE-GRANTED",
    "description": "Mellow Vault [Steakhouse Vault] bond strategy Role 0x46a52cf33029de9f84853745a87af28464c80bf0346df1b32e205fc73319f622(OPERATOR) was granted to 0x188858AC61a74350116d1CB6958fBc509FD6afA1 by 0x188858AC61a74350116d1CB6958fBc509FD6afA1 bond strategy address - 0x7a14b34a9a8ea235c66528dc3bf3aefc36dfc268",
    "labels": [],
    "metadata": {
      "args": "0x46a52cf33029de9f84853745a87af28464c80bf0346df1b32e205fc73319f622,0x188858AC61a74350116d1CB6958fBc509FD6afA1,0x188858AC61a74350116d1CB6958fBc509FD6afA1",
    },
    "name": "üö® Vault: Role granted",
    "protocol": "ethereum",
    "severity": 4,
    "source": {},
    "timestamp": 2024-01-01T00:00:00.000Z,
    "type": 4,
    "uniqueKey": "d45a13a5-940c-439f-96e2-2cec78f9de24",
  },
  Finding {
    "addresses": [],
    "alertId": "MELLOW-VAULT-ROLE-GRANTED",
    "description": "Mellow Vault [Steakhouse Vault] bond strategy Role 0xf23ec0bb4210edd5cba85afd05127efcd2fc6a781bfed49188da1081670b22d8(ADMIN ROLE) was granted to 0x188858AC61a74350116d1CB6958fBc509FD6afA1 by 0x188858AC61a74350116d1CB6958fBc509FD6afA1 bond strategy address - 0x7a14b34a9a8ea235c66528dc3bf3aefc36dfc268",
    "labels": [],
    "metadata": {
      "args": "0xf23ec0bb4210edd5cba85afd05127efcd2fc6a781bfed49188da1081670b22d8,0x188858AC61a74350116d1CB6958fBc509FD6afA1,0x188858AC61a74350116d1CB6958fBc509FD6afA1",
    },
    "name": "üö® Vault: Role granted",
    "protocol": "ethereum",
    "severity": 4,
    "source": {},
    "timestamp": 2024-01-01T00:00:00.000Z,
    "type": 4,
    "uniqueKey": "d45a13a5-940c-439f-96e2-2cec78f9de24",
  },
  Finding {
    "addresses": [],
    "alertId": "MELLOW-VAULT-ROLE-ADMIN-CHANGED",
    "description": "Mellow Vault [Steakhouse Vault] bond strategy Role Admin for role 0xf23ec0bb4210edd5cba85afd05127efcd2fc6a781bfed49188da1081670b22d8(ADMIN ROLE) was changed from 0x0000000000000000000000000000000000000000000000000000000000000000 to 0xf23ec0bb4210edd5cba85afd05127efcd2fc6a781bfed49188da1081670b22d8 bond strategy address - 0x7a14b34a9a8ea235c66528dc3bf3aefc36dfc268",
    "labels": [],
    "metadata": {
      "args": "0xf23ec0bb4210edd5cba85afd05127efcd2fc6a781bfed49188da1081670b22d8,0x0000000000000000000000000000000000000000000000000000000000000000,0xf23ec0bb4210edd5cba85afd05127efcd2fc6a781bfed49188da1081670b22d8",
    },
    "name": "üö® Vault: Role Admin changed",
    "protocol": "ethereum",
    "severity": 4,
    "source": {},
    "timestamp": 2024-01-01T00:00:00.000Z,
    "type": 4,
    "uniqueKey": "12c18264-900b-48a9-bdee-b193b61a36c6",
  },
  Finding {
    "addresses": [],
    "alertId": "MELLOW-VAULT-ROLE-ADMIN-CHANGED",
    "description": "Mellow Vault [Steakhouse Vault] bond strategy Role Admin for role 0xc171260023d22a25a00a2789664c9334017843b831138c8ef03cc8897e5873d7(ADMIN DELEGATE ROLE) was changed from 0x0000000000000000000000000000000000000000000000000000000000000000 to 0xf23ec0bb4210edd5cba85afd05127efcd2fc6a781bfed49188da1081670b22d8 bond strategy address - 0x7a14b34a9a8ea235c66528dc3bf3aefc36dfc268",
    "labels": [],
    "metadata": {
      "args": "0xc171260023d22a25a00a2789664c9334017843b831138c8ef03cc8897e5873d7,0x0000000000000000000000000000000000000000000000000000000000000000,0xf23ec0bb4210edd5cba85afd05127efcd2fc6a781bfed49188da1081670b22d8",
    },
    "name": "üö® Vault: Role Admin changed",
    "protocol": "ethereum",
    "severity": 4,
    "source": {},
    "timestamp": 2024-01-01T00:00:00.000Z,
    "type": 4,
    "uniqueKey": "12c18264-900b-48a9-bdee-b193b61a36c6",
  },
  Finding {
    "addresses": [],
    "alertId": "MELLOW-VAULT-ROLE-ADMIN-CHANGED",
    "description": "Mellow Vault [Steakhouse Vault] bond strategy Role Admin for role 0x46a52cf33029de9f84853745a87af28464c80bf0346df1b32e205fc73319f622(OPERATOR) was changed from 0x0000000000000000000000000000000000000000000000000000000000000000 to 0xc171260023d22a25a00a2789664c9334017843b831138c8ef03cc8897e5873d7 bond strategy address - 0x7a14b34a9a8ea235c66528dc3bf3aefc36dfc268",
    "labels": [],
    "metadata": {
      "args": "0x46a52cf33029de9f84853745a87af28464c80bf0346df1b32e205fc73319f622,0x0000000000000000000000000000000000000000000000000000000000000000,0xc171260023d22a25a00a2789664c9334017843b831138c8ef03cc8897e5873d7",
    },
    "name": "üö® Vault: Role Admin changed",
    "protocol": "ethereum",
    "severity": 4,
    "source": {},
    "timestamp": 2024-01-01T00:00:00.000Z,
    "type": 4,
    "uniqueKey": "12c18264-900b-48a9-bdee-b193b61a36c6",
  },
]
`;

exports[`VaultWatchers srv functional tests should RoleGranted 1`] = `
[
  Finding {
    "addresses": [],
    "alertId": "MELLOW-VAULT-ROLE-GRANTED",
    "description": "Mellow Vault [Steakhouse Vault] bond strategy Role 0x46a52cf33029de9f84853745a87af28464c80bf0346df1b32e205fc73319f622(OPERATOR) was granted to 0x2afc096981c2CFe3501bE4054160048718F6C0C8 by 0x188858AC61a74350116d1CB6958fBc509FD6afA1 bond strategy address - 0x7a14b34a9a8ea235c66528dc3bf3aefc36dfc268",
    "labels": [],
    "metadata": {
      "args": "0x46a52cf33029de9f84853745a87af28464c80bf0346df1b32e205fc73319f622,0x2afc096981c2CFe3501bE4054160048718F6C0C8,0x188858AC61a74350116d1CB6958fBc509FD6afA1",
    },
    "name": "üö® Vault: Role granted",
    "protocol": "ethereum",
    "severity": 4,
    "source": {},
    "timestamp": 2024-01-01T00:00:00.000Z,
    "type": 4,
    "uniqueKey": "d45a13a5-940c-439f-96e2-2cec78f9de24",
  },
]
`;

exports[`VaultWatchers srv functional tests should RoleRevoked 1`] = `
[
  Finding {
    "addresses": [],
    "alertId": "MELLOW-VAULT-ROLE-REVOKED",
    "description": "Mellow Vault [Steakhouse Vault] bond strategy Role 0xc171260023d22a25a00a2789664c9334017843b831138c8ef03cc8897e5873d7(ADMIN DELEGATE ROLE) was revoked to 0x188858AC61a74350116d1CB6958fBc509FD6afA1 by 0x188858AC61a74350116d1CB6958fBc509FD6afA1 bond strategy address - 0x7a14b34a9a8ea235c66528dc3bf3aefc36dfc268",
    "labels": [],
    "metadata": {
      "args": "0xc171260023d22a25a00a2789664c9334017843b831138c8ef03cc8897e5873d7,0x188858AC61a74350116d1CB6958fBc509FD6afA1,0x188858AC61a74350116d1CB6958fBc509FD6afA1",
    },
    "name": "üö®  Vault: Role revoked",
    "protocol": "ethereum",
    "severity": 4,
    "source": {},
    "timestamp": 2024-01-01T00:00:00.000Z,
    "type": 4,
    "uniqueKey": "19ba7243-ff94-45af-aa3d-6b12a7f0b83d",
  },
]
`;

exports[`VaultWatchers srv functional tests should be not slot changes 1`] = `[]`;

exports[`VaultWatchers srv functional tests should everything is fine 1`] = `[]`;

exports[`VaultWatchers srv functional tests should find InfStones Restaked slot change 1`] = `
[
  Finding {
    "addresses": [],
    "alertId": "MELLOW-VAULT-STORAGE-SLOT-VALUE-CHANGED",
    "description": "Mellow Vault [InfStones Restaked ETH Vault] Value of the storage slot \`'maximalTotalSupply'\` for contract 0x49cd586dd9ba227be9654c735a659a1db08232a9 has changed!
Prev value: 1000000000000000000
New value: 20000000000000000000000",
    "labels": [],
    "metadata": {},
    "name": "üö®üö®üö® Vault critical storage slot value changed",
    "protocol": "ethereum",
    "severity": 5,
    "source": {},
    "timestamp": 2024-01-01T00:00:00.000Z,
    "type": 2,
    "uniqueKey": "",
  },
]
`;

exports[`VaultWatchers srv functional tests should find Steakhouse Vault slot change 1`] = `
[
  Finding {
    "addresses": [],
    "alertId": "MELLOW-VAULT-STORAGE-SLOT-VALUE-CHANGED",
    "description": "Mellow Vault [Steakhouse Vault] Value of the storage slot \`'maximalTotalSupply'\` for contract 0xbeef69ac7870777598a04b2bd4771c71212e6abc has changed!
Prev value: 16000000000000000000000
New value: 36000000000000000000000",
    "labels": [],
    "metadata": {},
    "name": "üö®üö®üö® Vault critical storage slot value changed",
    "protocol": "ethereum",
    "severity": 5,
    "source": {},
    "timestamp": 2024-01-01T00:00:00.000Z,
    "type": 2,
    "uniqueKey": "",
  },
]
`;

exports[`VaultWatchers srv functional tests should find no-withdrawals at Re7 vault 1`] = `
[
  Finding {
    "addresses": [],
    "alertId": "VAULT-NO-WITHDRAWAL-48",
    "description": "Mellow Vault [Re7 Vault] (0x84631c0d0081fde56deb72f6de77abbbf6a9f93a) pending withdrawers count - 6",
    "labels": [],
    "metadata": {},
    "name": "‚ö†Ô∏è Vault: Withdrawals haven‚Äôt been called for at least 48 hours",
    "protocol": "ethereum",
    "severity": 3,
    "source": {},
    "timestamp": 2024-01-01T00:00:00.000Z,
    "type": 2,
    "uniqueKey": "",
  },
]
`;

exports[`VaultWatchers srv functional tests should not find no-withdrawals at Steakhouse vault 1`] = `
[
  Finding {
    "addresses": [],
    "alertId": "VAULT-WSTETH-LIMIT-REACHED",
    "description": "Symbiotic - 0xc329400492c6ff2438472d4651ad17389fcb843a",
    "labels": [],
    "metadata": {},
    "name": "‚ö†Ô∏è Vault: Symbiotic limit reached",
    "protocol": "ethereum",
    "severity": 3,
    "source": {},
    "timestamp": 2024-01-01T00:00:00.000Z,
    "type": 4,
    "uniqueKey": "",
  },
]
`;

exports[`VaultWatchers srv functional tests should process tx with Added Owner and Execution Success 1`] = `[]`;

exports[`VaultWatchers srv functional tests should process tx with Changed Threshold and Execution Success 1`] = `[]`;

exports[`VaultWatchers srv functional tests should process tx with Re7 Vault withdrawal all 1`] = `
[
  Finding {
    "addresses": [],
    "alertId": "MELLOW-VAULT-WITHDRAWAL-ALL",
    "description": "Mellow Vault [Re7 Vault] (0x84631c0d0081fde56deb72f6de77abbbf6a9f93a) - withdrawal, bond strategy address - 0xce3a8820265ad186e8c1ceaed16ae97176d020ba",
    "labels": [],
    "metadata": {
      "args": "0x15C273AA5aDd5433D5e806a3DB968A8656797fbA,0x61ae94dd817357B59413202Ac60B5997192AAE0F,0x520F977ff2fb5fc3a188B9B7821d583BC8741BC7,0x7Bd350bb79fD41d9F95E39005FcD973DD9d9a087,0xc4899b8AA371917e382E989078Ce22469B822f18,0x9fb1750Da6266a05601855bb62767eBC742707B1,1719575915",
    },
    "name": "‚ÑπÔ∏è Vault: Withdrawal all",
    "protocol": "ethereum",
    "severity": 1,
    "source": {},
    "timestamp": 2024-01-01T00:00:00.000Z,
    "type": 4,
    "uniqueKey": "9d846c64-6858-47c4-afd2-3f3d31da079b",
  },
]
`;

exports[`VaultWatchers srv functional tests should should find 1 withdrawal 1`] = `[]`;

exports[`VaultWatchers srv functional tests should show limit inc 1`] = `
[
  Finding {
    "addresses": [],
    "alertId": "MELLOW-SYMBIOTIC-INCREASE-LIMIT",
    "description": "Symbiotic limit increased to 169313200000000000000000",
    "labels": [],
    "metadata": {
      "args": "169313200000000000000000",
    },
    "name": "‚ö†Ô∏è Vault: Symbiotic limit increased",
    "protocol": "ethereum",
    "severity": 3,
    "source": {},
    "timestamp": 2024-01-01T00:00:00.000Z,
    "type": 4,
    "uniqueKey": "27c9ac49-4c5f-4d3e-9a4a-0d61e21965b2 ",
  },
]
`;

exports[`VaultWatchers srv functional tests should withdrawal from contract 1`] = `
[
  Finding {
    "addresses": [],
    "alertId": "MELLOW-VAULT-WITHDRAWAL-ALL",
    "description": "Mellow Vault [Steakhouse Vault] (0xbeef69ac7870777598a04b2bd4771c71212e6abc) - withdrawal, bond strategy address - 0x7a14b34a9a8ea235c66528dc3bf3aefc36dfc268",
    "labels": [],
    "metadata": {
      "args": "0xE9229230D3768b42e7c2a54cffbfE0f0288261aC,0x7fF11ad66Ec323C6A5D40363946De553D8cf2B2E,0x1A63572CF23505DDBCCB2Bdd0cE516Be9f98E842,0x21ded9833e786Ea941410312e7e78Fc79fc879Af,0x9A3b9ae785C399bcdb04115fe78ad866EE39c877,1718609063",
    },
    "name": "‚ÑπÔ∏è Vault: Withdrawal all",
    "protocol": "ethereum",
    "severity": 1,
    "source": {},
    "timestamp": 2024-01-01T00:00:00.000Z,
    "type": 4,
    "uniqueKey": "9d846c64-6858-47c4-afd2-3f3d31da079b",
  },
]
`;

exports[`VaultWatchers srv functional tests should withdrawal from curator 1`] = `
[
  Finding {
    "addresses": [],
    "alertId": "MELLOW-VAULT-WITHDRAWAL-ALL",
    "description": "Mellow Vault [Mev Capital Vault] (0x5fd13359ba15a84b76f7f87568309040176167cd) - withdrawal, bond strategy address - 0xc3a149b5ca3f4a5f17f5d865c14aa9dbb570f10a",
    "labels": [],
    "metadata": {
      "args": "0xf41BF1334ea7399ae21F94a434AE8B5486f9dF37,0x737E37dfcCAd5B6bEf491202072170290EcAA1aF,1718890811",
    },
    "name": "‚ÑπÔ∏è Vault: Withdrawal all",
    "protocol": "ethereum",
    "severity": 1,
    "source": {},
    "timestamp": 2024-01-01T00:00:00.000Z,
    "type": 4,
    "uniqueKey": "9d846c64-6858-47c4-afd2-3f3d31da079b",
  },
]
`;

exports[`VaultWatchers srv functional tests should withdrawal from curator multicall 1`] = `
[
  Finding {
    "addresses": [],
    "alertId": "MELLOW-VAULT-WITHDRAWAL-ALL",
    "description": "Mellow Vault [Re7 Vault] (0x84631c0d0081fde56deb72f6de77abbbf6a9f93a) - withdrawal, bond strategy address - 0xce3a8820265ad186e8c1ceaed16ae97176d020ba",
    "labels": [],
    "metadata": {
      "args": "0x718E7B7e03F9370394CC8a3BD41B395C72B90fa2,0x3DA0C44465d7b662208Fe6216d17B7f535A472Ad,0x09B0dfBBF2e6d98FB665b9694DBcA7b08193db4e,1718960795",
    },
    "name": "‚ÑπÔ∏è Vault: Withdrawal all",
    "protocol": "ethereum",
    "severity": 1,
    "source": {},
    "timestamp": 2024-01-01T00:00:00.000Z,
    "type": 4,
    "uniqueKey": "9d846c64-6858-47c4-afd2-3f3d31da079b",
  },
]
`;
