// Jest Snapshot v1, https://goo.gl/fbAQLP

exports[`vault-acl-changes e2e tests should everything is fine 1`] = `[]`;
