// Jest Snapshot v1, https://goo.gl/fbAQLP

exports[`vault-acl-changes e2e tests should RoleAdminChanged (3+2) 1`] = `
[
  Finding {
    "addresses": [],
    "alertId": "MELLOW-VAULT-ROLE-ADMIN-CHANGED",
    "description": "Role Admin for role 0xf23ec0bb4210edd5cba85afd05127efcd2fc6a781bfed49188da1081670b22d8(ADMIN ROLE) was changed from 0x0000000000000000000000000000000000000000000000000000000000000000 to 0xf23ec0bb4210edd5cba85afd05127efcd2fc6a781bfed49188da1081670b22d8 bond strategy address - 0x7a14b34a9a8ea235c66528dc3bf3aefc36dfc268",
    "labels": [],
    "metadata": {
      "args": "0xf23ec0bb4210edd5cba85afd05127efcd2fc6a781bfed49188da1081670b22d8,0x0000000000000000000000000000000000000000000000000000000000000000,0xf23ec0bb4210edd5cba85afd05127efcd2fc6a781bfed49188da1081670b22d8",
    },
    "name": "üö® Vault: Role Admin changed",
    "protocol": "ethereum",
    "severity": 4,
    "source": {},
    "timestamp": 2023-12-31T00:00:00.000Z,
    "type": 4,
    "uniqueKey": "",
  },
  Finding {
    "addresses": [],
    "alertId": "MELLOW-VAULT-ROLE-ADMIN-CHANGED",
    "description": "Role Admin for role 0xc171260023d22a25a00a2789664c9334017843b831138c8ef03cc8897e5873d7(ADMIN DELEGATE ROLE) was changed from 0x0000000000000000000000000000000000000000000000000000000000000000 to 0xf23ec0bb4210edd5cba85afd05127efcd2fc6a781bfed49188da1081670b22d8 bond strategy address - 0x7a14b34a9a8ea235c66528dc3bf3aefc36dfc268",
    "labels": [],
    "metadata": {
      "args": "0xc171260023d22a25a00a2789664c9334017843b831138c8ef03cc8897e5873d7,0x0000000000000000000000000000000000000000000000000000000000000000,0xf23ec0bb4210edd5cba85afd05127efcd2fc6a781bfed49188da1081670b22d8",
    },
    "name": "üö® Vault: Role Admin changed",
    "protocol": "ethereum",
    "severity": 4,
    "source": {},
    "timestamp": 2023-12-31T00:00:00.000Z,
    "type": 4,
    "uniqueKey": "",
  },
  Finding {
    "addresses": [],
    "alertId": "MELLOW-VAULT-ROLE-ADMIN-CHANGED",
    "description": "Role Admin for role 0x46a52cf33029de9f84853745a87af28464c80bf0346df1b32e205fc73319f622(OPERATOR) was changed from 0x0000000000000000000000000000000000000000000000000000000000000000 to 0xc171260023d22a25a00a2789664c9334017843b831138c8ef03cc8897e5873d7 bond strategy address - 0x7a14b34a9a8ea235c66528dc3bf3aefc36dfc268",
    "labels": [],
    "metadata": {
      "args": "0x46a52cf33029de9f84853745a87af28464c80bf0346df1b32e205fc73319f622,0x0000000000000000000000000000000000000000000000000000000000000000,0xc171260023d22a25a00a2789664c9334017843b831138c8ef03cc8897e5873d7",
    },
    "name": "üö® Vault: Role Admin changed",
    "protocol": "ethereum",
    "severity": 4,
    "source": {},
    "timestamp": 2023-12-31T00:00:00.000Z,
    "type": 4,
    "uniqueKey": "",
  },
  Finding {
    "addresses": [],
    "alertId": "MELLOW-VAULT-ROLE-GRANTED",
    "description": "Role 0x46a52cf33029de9f84853745a87af28464c80bf0346df1b32e205fc73319f622(OPERATOR) was granted to 0x188858AC61a74350116d1CB6958fBc509FD6afA1 by 0x188858AC61a74350116d1CB6958fBc509FD6afA1 bond strategy address - 0x7a14b34a9a8ea235c66528dc3bf3aefc36dfc268",
    "labels": [],
    "metadata": {
      "args": "0x46a52cf33029de9f84853745a87af28464c80bf0346df1b32e205fc73319f622,0x188858AC61a74350116d1CB6958fBc509FD6afA1,0x188858AC61a74350116d1CB6958fBc509FD6afA1",
    },
    "name": "üö® Vault: Role granted",
    "protocol": "ethereum",
    "severity": 4,
    "source": {},
    "timestamp": 2023-12-31T00:00:00.000Z,
    "type": 4,
    "uniqueKey": "",
  },
  Finding {
    "addresses": [],
    "alertId": "MELLOW-VAULT-ROLE-GRANTED",
    "description": "Role 0xf23ec0bb4210edd5cba85afd05127efcd2fc6a781bfed49188da1081670b22d8(ADMIN ROLE) was granted to 0x188858AC61a74350116d1CB6958fBc509FD6afA1 by 0x188858AC61a74350116d1CB6958fBc509FD6afA1 bond strategy address - 0x7a14b34a9a8ea235c66528dc3bf3aefc36dfc268",
    "labels": [],
    "metadata": {
      "args": "0xf23ec0bb4210edd5cba85afd05127efcd2fc6a781bfed49188da1081670b22d8,0x188858AC61a74350116d1CB6958fBc509FD6afA1,0x188858AC61a74350116d1CB6958fBc509FD6afA1",
    },
    "name": "üö® Vault: Role granted",
    "protocol": "ethereum",
    "severity": 4,
    "source": {},
    "timestamp": 2023-12-31T00:00:00.000Z,
    "type": 4,
    "uniqueKey": "",
  },
]
`;

exports[`vault-acl-changes e2e tests should RoleGranted 1`] = `
[
  Finding {
    "addresses": [],
    "alertId": "MELLOW-VAULT-ROLE-GRANTED",
    "description": "Role 0x46a52cf33029de9f84853745a87af28464c80bf0346df1b32e205fc73319f622(OPERATOR) was granted to 0x2afc096981c2CFe3501bE4054160048718F6C0C8 by 0x188858AC61a74350116d1CB6958fBc509FD6afA1 bond strategy address - 0x7a14b34a9a8ea235c66528dc3bf3aefc36dfc268",
    "labels": [],
    "metadata": {
      "args": "0x46a52cf33029de9f84853745a87af28464c80bf0346df1b32e205fc73319f622,0x2afc096981c2CFe3501bE4054160048718F6C0C8,0x188858AC61a74350116d1CB6958fBc509FD6afA1",
    },
    "name": "üö® Vault: Role granted",
    "protocol": "ethereum",
    "severity": 4,
    "source": {},
    "timestamp": 2023-12-31T00:00:00.000Z,
    "type": 4,
    "uniqueKey": "",
  },
]
`;

exports[`vault-acl-changes e2e tests should RoleRevokedRoleRevoked 1`] = `
[
  Finding {
    "addresses": [],
    "alertId": "MELLOW-VAULT-ROLE-REVOKED",
    "description": "Role 0xc171260023d22a25a00a2789664c9334017843b831138c8ef03cc8897e5873d7(ADMIN DELEGATE ROLE) was revoked to 0x188858AC61a74350116d1CB6958fBc509FD6afA1 by 0x188858AC61a74350116d1CB6958fBc509FD6afA1 bond strategy address - 0x7a14b34a9a8ea235c66528dc3bf3aefc36dfc268",
    "labels": [],
    "metadata": {
      "args": "0xc171260023d22a25a00a2789664c9334017843b831138c8ef03cc8897e5873d7,0x188858AC61a74350116d1CB6958fBc509FD6afA1,0x188858AC61a74350116d1CB6958fBc509FD6afA1",
    },
    "name": "üö®  Vault: Role revoked",
    "protocol": "ethereum",
    "severity": 4,
    "source": {},
    "timestamp": 2023-12-31T00:00:00.000Z,
    "type": 4,
    "uniqueKey": "",
  },
]
`;

exports[`vault-acl-changes e2e tests should be not slot changes 1`] = `[]`;

exports[`vault-acl-changes e2e tests should everything is fine 1`] = `[]`;

exports[`vault-acl-changes e2e tests should process tx with Added Owner and Execution Success 1`] = `[]`;

exports[`vault-acl-changes e2e tests should process tx with Changed Threshold and Execution Success 1`] = `[]`;

exports[`vault-acl-changes e2e tests should should find 1 withdrawal 1`] = `[]`;

exports[`vault-acl-changes e2e tests should find no withdrawals at 2 vaults 1`] = `
[
  Finding {
    "addresses": [],
    "alertId": "VAULT-LIMITS-INTEGRITY-CLOSE-TO-MAX",
    "description": "Mellow Vault 0xbeef69ac7870777598a04b2bd4771c71212e6abc totalSupply more than 90% of maximalTotalSupply",
    "labels": [],
    "metadata": {},
    "name": "‚ö†Ô∏è Vault totalSupply close to maximalTotalSupply",
    "protocol": "ethereum",
    "severity": 3,
    "source": {},
    "timestamp": 2023-12-31T00:00:00.000Z,
    "type": 2,
    "uniqueKey": "",
  },
  Finding {
    "addresses": [],
    "alertId": "VAULT-LIMITS-INTEGRITY-REACHED-TO-MAX",
    "description": "Mellow Vault 0x7a4effd87c2f3c55ca251080b1343b605f327e3a maximalTotalSupply reached",
    "labels": [],
    "metadata": {},
    "name": "‚ö†Ô∏è Vault totalSupply reached maximalTotalSupply",
    "protocol": "ethereum",
    "severity": 3,
    "source": {},
    "timestamp": 2023-12-31T00:00:00.000Z,
    "type": 2,
    "uniqueKey": "",
  },
  Finding {
    "addresses": [],
    "alertId": "VAULT-WSTETH-LIMIT-REACHED",
    "description": "Symbiotic - 0xc329400492c6ff2438472d4651ad17389fcb843a",
    "labels": [],
    "metadata": {},
    "name": "‚ö†Ô∏è Vault: Symbiotic limit reached",
    "protocol": "ethereum",
    "severity": 3,
    "source": {},
    "timestamp": 2023-12-31T00:00:00.000Z,
    "type": 2,
    "uniqueKey": "",
  },
  Finding {
    "addresses": [],
    "alertId": "VAULT-NO-WITHDRAWAL-48",
    "description": "Mellow Vault - 0x84631c0d0081fde56deb72f6de77abbbf6a9f93a",
    "labels": [],
    "metadata": {},
    "name": "‚ö†Ô∏è Vault: Withdrawals haven‚Äôt been called for at least 48 hours",
    "protocol": "ethereum",
    "severity": 3,
    "source": {},
    "timestamp": 2023-12-31T00:00:00.000Z,
    "type": 2,
    "uniqueKey": "",
  },
  Finding {
    "addresses": [],
    "alertId": "VAULT-NO-WITHDRAWAL-48",
    "description": "Mellow Vault - 0x7a4effd87c2f3c55ca251080b1343b605f327e3a",
    "labels": [],
    "metadata": {},
    "name": "‚ö†Ô∏è Vault: Withdrawals haven‚Äôt been called for at least 48 hours",
    "protocol": "ethereum",
    "severity": 3,
    "source": {},
    "timestamp": 2023-12-31T00:00:00.000Z,
    "type": 2,
    "uniqueKey": "",
  },
]
`;

exports[`vault-acl-changes e2e tests should withdrawal 1`] = `
[
  Finding {
    "addresses": [],
    "alertId": "MELLOW-VAULT-WITHDRAWAL-ALL",
    "description": "Vault withdrawal, bond strategy address - 0x7a14b34a9a8ea235c66528dc3bf3aefc36dfc268",
    "labels": [],
    "metadata": {
      "args": "0xE9229230D3768b42e7c2a54cffbfE0f0288261aC,0x7fF11ad66Ec323C6A5D40363946De553D8cf2B2E,0x1A63572CF23505DDBCCB2Bdd0cE516Be9f98E842,0x21ded9833e786Ea941410312e7e78Fc79fc879Af,0x9A3b9ae785C399bcdb04115fe78ad866EE39c877,1718609063",
    },
    "name": "‚ÑπÔ∏è Vault: Withdrawal all",
    "protocol": "ethereum",
    "severity": 1,
    "source": {},
    "timestamp": 2023-12-31T00:00:00.000Z,
    "type": 4,
    "uniqueKey": "",
  },
]
`;
