// Jest Snapshot v1, https://goo.gl/fbAQLP

exports[`utils should merge findings 1`] = `
[
  Finding {
    "addresses": [],
    "alertId": "SOME-CUTE-ALERT",
    "description": "🌷🌷🌷
---
🌷🌷🌷
---
🌷🌷🌷
---
🌷🌷🌷
---
🌷🌷🌷
---
🌷🌷🌷
---
🌷🌷🌷
---
🌷🌷🌷
---
🌷🌷🌷
---
🌷🌷🌷
---
🌷🌷🌷
---
🌷🌷🌷
---
🌷🌷🌷
---
🌷🌷🌷
---
🌷🌷🌷
---
🌷🌷🌷
---
🌷🌷🌷",
    "labels": [],
    "metadata": {
      "args": ",,,,,,,,,,,,,,,,",
    },
    "name": "🚨 Alert",
    "protocol": "ethereum",
    "severity": 2,
    "source": {},
    "timestamp": 2023-12-31T00:00:00.000Z,
    "type": 3,
    "uniqueKey": "",
  },
  Finding {
    "addresses": [],
    "alertId": "SOME-FAKE-ALERT",
    "description": "🍯🍯🍯
---
🍯🍯🍯
---
🍯🍯🍯
---
🍯🍯🍯
---
🍯🍯🍯
---
🍯🍯🍯
---
🍯🍯🍯
---
🍯🍯🍯
---
🍯🍯🍯
---
🍯🍯🍯
---
🍯🍯🍯
---
🍯🍯🍯
---
🍯🍯🍯
---
🍯🍯🍯
---
🍯🍯🍯
---
🍯🍯🍯
---
🍯🍯🍯",
    "labels": [],
    "metadata": {
      "args": ",,,,,,,,,,,,,,,,",
    },
    "name": "🚨 Alert",
    "protocol": "ethereum",
    "severity": 2,
    "source": {},
    "timestamp": 2023-12-31T00:00:00.000Z,
    "type": 3,
    "uniqueKey": "",
  },
  Finding {
    "addresses": [],
    "alertId": "SOME-SOSO-ALERT",
    "description": "🌸🌸🌸
---
🌸🌸🌸
---
🌸🌸🌸
---
🌸🌸🌸
---
🌸🌸🌸
---
🌸🌸🌸
---
🌸🌸🌸
---
🌸🌸🌸
---
🌸🌸🌸
---
🌸🌸🌸
---
🌸🌸🌸
---
🌸🌸🌸
---
🌸🌸🌸
---
🌸🌸🌸
---
🌸🌸🌸
---
🌸🌸🌸
---
🌸🌸🌸",
    "labels": [],
    "metadata": {
      "args": ",,,,,,,,,,,,,,,,",
    },
    "name": "🚨 Alert",
    "protocol": "ethereum",
    "severity": 2,
    "source": {},
    "timestamp": 2023-12-31T00:00:00.000Z,
    "type": 3,
    "uniqueKey": "",
  },
]
`;
