// Jest Snapshot v1, https://goo.gl/fbAQLP

exports[`agent-proxy-watcher e2e tests should process block with changed proxy implementation 1`] = `
Array [
  Finding {
    "addresses": Array [],
    "alertId": "PROXY-IMPL-CHANGED",
    "description": "Implementation of Aragon Voting ([0x2e59A20f205bB85a89C53f1936454680651E618e](https://etherscan.io/address/0x2e59A20f205bB85a89C53f1936454680651E618e)) changed from [0xb935C3D80229d5D92f3761b17Cd81dC2610e3a45](https://etherscan.io/address/0xb935C3D80229d5D92f3761b17Cd81dC2610e3a45) to [0x72fb5253AD16307B9E773d2A78CaC58E309d5Ba4](https://etherscan.io/address/0x72fb5253AD16307B9E773d2A78CaC58E309d5Ba4)",
    "labels": Array [],
    "metadata": Object {},
    "name": "ðŸš¨ Proxy implementation changed",
    "protocol": "ethereum",
    "severity": 5,
    "type": 4,
  },
  Finding {
    "addresses": Array [],
    "alertId": "PROXY-IMPL-CHANGED",
    "description": "Implementation of Legacy Oracle ([0x442af784A788A5bd6F42A01Ebe9F287a871243fb](https://etherscan.io/address/0x442af784A788A5bd6F42A01Ebe9F287a871243fb)) changed from [0xADa6E33aa65590934870bFD204Fe8efe9c6Aa4bC](https://etherscan.io/address/0xADa6E33aa65590934870bFD204Fe8efe9c6Aa4bC) to [0x1430194905301504e8830ce4B0b0df7187E84AbD](https://etherscan.io/address/0x1430194905301504e8830ce4B0b0df7187E84AbD)",
    "labels": Array [],
    "metadata": Object {},
    "name": "ðŸš¨ Proxy implementation changed",
    "protocol": "ethereum",
    "severity": 5,
    "type": 4,
  },
  Finding {
    "addresses": Array [],
    "alertId": "PROXY-IMPL-CHANGED",
    "description": "Implementation of Lido DAO and stETH ([0xae7ab96520DE3A18E5e111B5EaAb095312D7fE84](https://etherscan.io/address/0xae7ab96520DE3A18E5e111B5EaAb095312D7fE84)) changed from [0xC7B5aF82B05Eb3b64F12241B04B2cF14469E39F7](https://etherscan.io/address/0xC7B5aF82B05Eb3b64F12241B04B2cF14469E39F7) to [0x47EbaB13B806773ec2A2d16873e2dF770D130b50](https://etherscan.io/address/0x47EbaB13B806773ec2A2d16873e2dF770D130b50)",
    "labels": Array [],
    "metadata": Object {},
    "name": "ðŸš¨ Proxy implementation changed",
    "protocol": "ethereum",
    "severity": 5,
    "type": 4,
  },
  Finding {
    "addresses": Array [],
    "alertId": "PROXY-IMPL-CHANGED",
    "description": "Implementation of Node Operators Registry ([0x55032650b14df07b85bF18A3a3eC8E0Af2e028d5](https://etherscan.io/address/0x55032650b14df07b85bF18A3a3eC8E0Af2e028d5)) changed from [0xec3567ae258639a0FF5A02F7eAF4E4aE4416C5fe](https://etherscan.io/address/0xec3567ae258639a0FF5A02F7eAF4E4aE4416C5fe) to [0x5d39ABaa161e622B99D45616afC8B837E9F19a25](https://etherscan.io/address/0x5d39ABaa161e622B99D45616afC8B837E9F19a25)",
    "labels": Array [],
    "metadata": Object {},
    "name": "ðŸš¨ Proxy implementation changed",
    "protocol": "ethereum",
    "severity": 5,
    "type": 4,
  },
  Finding {
    "addresses": Array [],
    "alertId": "PROXY-NOT-FOUND",
    "description": "Proxy contract Accounting Oracle ([0x852deD011285fe67063a08005c71a85690503Cee](https://etherscan.io/address/0x852deD011285fe67063a08005c71a85690503Cee)) not found",
    "labels": Array [],
    "metadata": Object {},
    "name": "ðŸš¨ Proxy contract not found",
    "protocol": "ethereum",
    "severity": 5,
    "type": 4,
  },
  Finding {
    "addresses": Array [],
    "alertId": "PROXY-NOT-FOUND",
    "description": "Proxy contract Lido Locator ([0xC1d0b3DE6792Bf6b4b37EccdcC24e45978Cfd2Eb](https://etherscan.io/address/0xC1d0b3DE6792Bf6b4b37EccdcC24e45978Cfd2Eb)) not found",
    "labels": Array [],
    "metadata": Object {},
    "name": "ðŸš¨ Proxy contract not found",
    "protocol": "ethereum",
    "severity": 5,
    "type": 4,
  },
  Finding {
    "addresses": Array [],
    "alertId": "PROXY-NOT-FOUND",
    "description": "Proxy contract Staking Router ([0xFdDf38947aFB03C621C71b06C9C70bce73f12999](https://etherscan.io/address/0xFdDf38947aFB03C621C71b06C9C70bce73f12999)) not found",
    "labels": Array [],
    "metadata": Object {},
    "name": "ðŸš¨ Proxy contract not found",
    "protocol": "ethereum",
    "severity": 5,
    "type": 4,
  },
  Finding {
    "addresses": Array [],
    "alertId": "PROXY-NOT-FOUND",
    "description": "Proxy contract Validator Exit Bus Oracle ([0x0De4Ea0184c2ad0BacA7183356Aea5B8d5Bf5c6e](https://etherscan.io/address/0x0De4Ea0184c2ad0BacA7183356Aea5B8d5Bf5c6e)) not found",
    "labels": Array [],
    "metadata": Object {},
    "name": "ðŸš¨ Proxy contract not found",
    "protocol": "ethereum",
    "severity": 5,
    "type": 4,
  },
  Finding {
    "addresses": Array [],
    "alertId": "PROXY-NOT-FOUND",
    "description": "Proxy contract Withdrawal Queue ([0x889edC2eDab5f40e902b864aD4d7AdE8E412F9B1](https://etherscan.io/address/0x889edC2eDab5f40e902b864aD4d7AdE8E412F9B1)) not found",
    "labels": Array [],
    "metadata": Object {},
    "name": "ðŸš¨ Proxy contract not found",
    "protocol": "ethereum",
    "severity": 5,
    "type": 4,
  },
]
`;
